2026-10-03 10:48:05 | INFO | PASS | artifact__package
2026-10-03 10:48:05 | INFO | PASS | artifact__manifest
2026-10-03 10:48:05 | INFO | PASS | artifact__policy_lock
2026-10-03 10:48:05 | INFO | PASS | artifact__participant_split
2026-10-03 10:48:05 | INFO | PASS | artifact__anchor
2026-10-03 10:48:05 | INFO | PASS | artifact__targets
2026-10-03 10:48:05 | INFO | PASS | artifact__target_catalog
2026-10-03 10:48:05 | INFO | PASS | artifact__feature_catalog
2026-10-03 10:48:05 | INFO | PASS | artifact__ledger
2026-10-03 10:48:05 | INFO | PASS | artifact__benchmark01_summary
2026-10-03 10:48:05 | INFO | PASS | ledger_historical_identity
2026-10-03 10:48:05 | INFO | PASS | ledger_status
2026-10-03 10:48:05 | INFO | PASS | ledger_version
2026-10-03 10:48:05 | INFO | PASS | package_identity
2026-10-03 10:48:05 | INFO | PASS | manifest_temporal_policy_id
2026-10-03 10:48:05 | INFO | PASS | manifest_participant_split_changed
2026-10-03 10:48:05 | INFO | PASS | manifest_supervised_population_changed
2026-10-03 10:48:05 | INFO | PASS | manifest_mri_targets_changed
2026-10-03 10:48:05 | INFO | PASS | manifest_model_ready_sources_changed
2026-10-03 10:48:05 | INFO | PASS | policy_lock_decision_id
2026-10-03 10:48:05 | INFO | PASS | benchmark01_passed
2026-10-03 10:48:05 | INFO | PASS | benchmark01_package_identity
2026-10-03 10:48:05 | INFO | PASS | benchmark01_temporal_policy_id
2026-10-03 10:48:05 | INFO | PASS | participant_total
2026-10-03 10:48:05 | INFO | PASS | participant_unique_rid
2026-10-03 10:48:05 | INFO | PASS | participant_split_counts
2026-10-03 10:48:05 | INFO | PASS | anchor_visit_total
2026-10-03 10:48:05 | INFO | PASS | anchor_unique_visit_key
2026-10-03 10:48:05 | INFO | PASS | target_catalog_count
2026-10-03 10:48:05 | INFO | PASS | target_table_target_count
2026-10-03 10:48:05 | INFO | PASS | ledger_support_threshold
2026-10-03 10:48:05 | INFO | PASS | artifact__input__ADAS
2026-10-03 10:48:06 | INFO | PASS | source_unique_keys__ADAS
2026-10-03 10:48:12 | INFO | PASS | source_split_consistency__ADAS
2026-10-03 10:48:12 | INFO | PASS | artifact__input__CDR
2026-10-03 10:48:12 | INFO | PASS | source_unique_keys__CDR
2026-10-03 10:48:14 | INFO | PASS | source_split_consistency__CDR
2026-10-03 10:48:14 | INFO | PASS | artifact__input__FAQ
2026-10-03 10:48:14 | INFO | PASS | source_unique_keys__FAQ
2026-10-03 10:48:15 | INFO | PASS | source_split_consistency__FAQ
2026-10-03 10:48:15 | INFO | PASS | artifact__input__MMSE
2026-10-03 10:48:15 | INFO | PASS | source_unique_keys__MMSE
2026-10-03 10:48:19 | INFO | PASS | source_split_consistency__MMSE
2026-10-03 10:48:19 | INFO | PASS | artifact__input__MOCA
2026-10-03 10:48:19 | INFO | PASS | source_unique_keys__MOCA
2026-10-03 10:48:21 | INFO | PASS | source_split_consistency__MOCA
2026-10-03 10:48:21 | INFO | PASS | artifact__input__NEUROBAT
2026-10-03 10:48:21 | INFO | PASS | source_unique_keys__NEUROBAT
2026-10-03 10:48:27 | INFO | PASS | source_split_consistency__NEUROBAT
2026-10-03 10:48:27 | INFO | PASS | artifact__input__PTDEMOG
2026-10-03 10:48:27 | INFO | PASS | source_unique_keys__PTDEMOG
2026-10-03 10:48:28 | INFO | PASS | source_split_consistency__PTDEMOG
2026-10-03 10:48:28 | INFO | PASS | artifact__input__APOERES
2026-10-03 10:48:28 | INFO | PASS | source_unique_keys__APOERES
2026-10-03 10:48:28 | INFO | PASS | source_split_consistency__APOERES
2026-10-03 10:48:46 | INFO | PASS | artifact__ptdemog_canonical
2026-10-03 10:48:46 | INFO | PASS | artifact__ptdemog_excluded
2026-10-03 10:48:46 | INFO | PASS | artifact__row_action_summary
2026-10-03 10:48:46 | INFO | PASS | ptdemog_reconstruction_row_count
2026-10-03 10:49:14 | INFO | PASS | ptdemog_selected_unique_rid
2026-10-03 10:49:14 | INFO | PASS | ptdemog_core_fields_present
2026-10-03 10:49:16 | INFO | PASS | apoe_unexpected_genotype_domain
2026-10-03 10:49:16 | INFO | PASS | corrected_unique_keys__ADAS
2026-10-03 10:49:16 | INFO | PASS | corrected_official_participants__ADAS
2026-10-03 10:49:16 | INFO | PASS | corrected_split_consistency__ADAS
2026-10-03 10:49:16 | INFO | PASS | visit_key_set_unchanged__ADAS
2026-10-03 10:49:16 | INFO | PASS | corrected_unique_keys__CDR
2026-10-03 10:49:16 | INFO | PASS | corrected_official_participants__CDR
2026-10-03 10:49:16 | INFO | PASS | corrected_split_consistency__CDR
2026-10-03 10:49:16 | INFO | PASS | visit_key_set_unchanged__CDR
2026-10-03 10:49:16 | INFO | PASS | corrected_unique_keys__FAQ
2026-10-03 10:49:16 | INFO | PASS | corrected_official_participants__FAQ
2026-10-03 10:49:16 | INFO | PASS | corrected_split_consistency__FAQ
2026-10-03 10:49:16 | INFO | PASS | visit_key_set_unchanged__FAQ
2026-10-03 10:49:16 | INFO | PASS | corrected_unique_keys__MMSE
2026-10-03 10:49:16 | INFO | PASS | corrected_official_participants__MMSE
2026-10-03 10:49:16 | INFO | PASS | corrected_split_consistency__MMSE
2026-10-03 10:49:16 | INFO | PASS | visit_key_set_unchanged__MMSE
2026-10-03 10:49:16 | INFO | PASS | corrected_unique_keys__MOCA
2026-10-03 10:49:16 | INFO | PASS | corrected_official_participants__MOCA
2026-10-03 10:49:16 | INFO | PASS | corrected_split_consistency__MOCA
2026-10-03 10:49:16 | INFO | PASS | visit_key_set_unchanged__MOCA
2026-10-03 10:49:16 | INFO | PASS | corrected_unique_keys__NEUROBAT
2026-10-03 10:49:16 | INFO | PASS | corrected_official_participants__NEUROBAT
2026-10-03 10:49:16 | INFO | PASS | corrected_split_consistency__NEUROBAT
2026-10-03 10:49:16 | INFO | PASS | visit_key_set_unchanged__NEUROBAT
2026-10-03 10:49:16 | INFO | PASS | corrected_unique_keys__PTDEMOG
2026-10-03 10:49:16 | INFO | PASS | corrected_official_participants__PTDEMOG
2026-10-03 10:49:16 | INFO | PASS | corrected_split_consistency__PTDEMOG
2026-10-03 10:49:16 | INFO | PASS | corrected_unique_keys__APOERES
2026-10-03 10:49:16 | INFO | PASS | corrected_official_participants__APOERES
2026-10-03 10:49:16 | INFO | PASS | corrected_split_consistency__APOERES
2026-10-03 10:49:16 | INFO | PASS | apoeres_key_set_unchanged
2026-10-03 10:49:16 | INFO | PASS | excluded_column_absent__ADAS__NDREASON
2026-10-03 10:49:16 | INFO | PASS | excluded_column_absent__ADAS__Q10TASK
2026-10-03 10:49:16 | INFO | PASS | excluded_column_absent__ADAS__Q11TASK
2026-10-03 10:49:16 | INFO | PASS | excluded_column_absent__ADAS__Q12TASK
2026-10-03 10:49:16 | INFO | PASS | excluded_column_absent__ADAS__Q8WORD1
2026-10-03 10:49:16 | INFO | PASS | excluded_column_absent__ADAS__Q8WORD10
2026-10-03 10:49:16 | INFO | PASS | excluded_column_absent__ADAS__Q8WORD10R
2026-10-03 10:49:16 | INFO | PASS | excluded_column_absent__ADAS__Q8WORD11
2026-10-03 10:49:16 | INFO | PASS | excluded_column_absent__ADAS__Q8WORD11R
2026-10-03 10:49:16 | INFO | PASS | excluded_column_absent__ADAS__Q8WORD12
2026-10-03 10:49:16 | INFO | PASS | excluded_column_absent__ADAS__Q8WORD12R
2026-10-03 10:49:16 | INFO | PASS | excluded_column_absent__ADAS__Q8WORD13
2026-10-03 10:49:16 | INFO | PASS | excluded_column_absent__ADAS__Q8WORD13R
2026-10-03 10:49:16 | INFO | PASS | excluded_column_absent__ADAS__Q8WORD14
2026-10-03 10:49:16 | INFO | PASS | excluded_column_absent__ADAS__Q8WORD14R
2026-10-03 10:49:16 | INFO | PASS | excluded_column_absent__ADAS__Q8WORD15
2026-10-03 10:49:16 | INFO | PASS | excluded_column_absent__ADAS__Q8WORD15R
2026-10-03 10:49:16 | INFO | PASS | excluded_column_absent__ADAS__Q8WORD16
2026-10-03 10:49:16 | INFO | PASS | excluded_column_absent__ADAS__Q8WORD16R
2026-10-03 10:49:16 | INFO | PASS | excluded_column_absent__ADAS__Q8WORD17
2026-10-03 10:49:16 | INFO | PASS | excluded_column_absent__ADAS__Q8WORD17R
2026-10-03 10:49:16 | INFO | PASS | excluded_column_absent__ADAS__Q8WORD18
2026-10-03 10:49:16 | INFO | PASS | excluded_column_absent__ADAS__Q8WORD18R
2026-10-03 10:49:16 | INFO | PASS | excluded_column_absent__ADAS__Q8WORD19
2026-10-03 10:49:16 | INFO | PASS | excluded_column_absent__ADAS__Q8WORD19R
2026-10-03 10:49:16 | INFO | PASS | excluded_column_absent__ADAS__Q8WORD2
2026-10-03 10:49:16 | INFO | PASS | excluded_column_absent__ADAS__Q8WORD20
2026-10-03 10:49:16 | INFO | PASS | excluded_column_absent__ADAS__Q8WORD20R
2026-10-03 10:49:16 | INFO | PASS | excluded_column_absent__ADAS__Q8WORD21
2026-10-03 10:49:16 | INFO | PASS | excluded_column_absent__ADAS__Q8WORD21R
2026-10-03 10:49:16 | INFO | PASS | excluded_column_absent__ADAS__Q8WORD22
2026-10-03 10:49:16 | INFO | PASS | excluded_column_absent__ADAS__Q8WORD22R
2026-10-03 10:49:16 | INFO | PASS | excluded_column_absent__ADAS__Q8WORD23
2026-10-03 10:49:16 | INFO | PASS | excluded_column_absent__ADAS__Q8WORD23R
2026-10-03 10:49:16 | INFO | PASS | excluded_column_absent__ADAS__Q8WORD24
2026-10-03 10:49:16 | INFO | PASS | excluded_column_absent__ADAS__Q8WORD24R
2026-10-03 10:49:16 | INFO | PASS | excluded_column_absent__ADAS__Q8WORD3
2026-10-03 10:49:16 | INFO | PASS | excluded_column_absent__ADAS__Q8WORD3R
2026-10-03 10:49:16 | INFO | PASS | excluded_column_absent__ADAS__Q8WORD4
2026-10-03 10:49:16 | INFO | PASS | excluded_column_absent__ADAS__Q8WORD4R
2026-10-03 10:49:16 | INFO | PASS | excluded_column_absent__ADAS__Q8WORD5
2026-10-03 10:49:16 | INFO | PASS | excluded_column_absent__ADAS__Q8WORD5R
2026-10-03 10:49:16 | INFO | PASS | excluded_column_absent__ADAS__Q8WORD6
2026-10-03 10:49:16 | INFO | PASS | excluded_column_absent__ADAS__Q8WORD6R
2026-10-03 10:49:16 | INFO | PASS | excluded_column_absent__ADAS__Q8WORD7
2026-10-03 10:49:16 | INFO | PASS | excluded_column_absent__ADAS__Q8WORD7R
2026-10-03 10:49:16 | INFO | PASS | excluded_column_absent__ADAS__Q8WORD8
2026-10-03 10:49:16 | INFO | PASS | excluded_column_absent__ADAS__Q8WORD8R
2026-10-03 10:49:16 | INFO | PASS | excluded_column_absent__ADAS__Q8WORD9
2026-10-03 10:49:16 | INFO | PASS | excluded_column_absent__ADAS__Q8WORD9R
2026-10-03 10:49:16 | INFO | PASS | excluded_column_absent__ADAS__Q9TASK
2026-10-03 10:49:16 | INFO | PASS | excluded_column_absent__ADAS__SOURCE
2026-10-03 10:49:16 | INFO | PASS | excluded_column_absent__ADAS__WORDLIST
2026-10-03 10:49:16 | INFO | PASS | excluded_column_absent__CDR__CDSOURCE
2026-10-03 10:49:16 | INFO | PASS | excluded_column_absent__CDR__CDVERSION
2026-10-03 10:49:16 | INFO | PASS | excluded_column_absent__FAQ__SOURCE
2026-10-03 10:49:16 | INFO | PASS | excluded_column_absent__MMSE__MMD
2026-10-03 10:49:16 | INFO | PASS | excluded_column_absent__MMSE__MML
2026-10-03 10:49:16 | INFO | PASS | excluded_column_absent__MMSE__MMLTR1
2026-10-03 10:49:16 | INFO | PASS | excluded_column_absent__MMSE__MMLTR2
2026-10-03 10:49:16 | INFO | PASS | excluded_column_absent__MMSE__MMLTR3
2026-10-03 10:49:16 | INFO | PASS | excluded_column_absent__MMSE__MMLTR4
2026-10-03 10:49:16 | INFO | PASS | excluded_column_absent__MMSE__MMLTR5
2026-10-03 10:49:16 | INFO | PASS | excluded_column_absent__MMSE__MMLTR6
2026-10-03 10:49:16 | INFO | PASS | excluded_column_absent__MMSE__MMLTR7
2026-10-03 10:49:16 | INFO | PASS | excluded_column_absent__MMSE__MMO
2026-10-03 10:49:16 | INFO | PASS | excluded_column_absent__MMSE__MMR
2026-10-03 10:49:16 | INFO | PASS | excluded_column_absent__MMSE__MMW
2026-10-03 10:49:16 | INFO | PASS | excluded_column_absent__MMSE__NDREASON
2026-10-03 10:49:16 | INFO | PASS | excluded_column_absent__MMSE__SOURCE
2026-10-03 10:49:16 | INFO | PASS | excluded_column_absent__MMSE__WORDLIST
2026-10-03 10:49:16 | INFO | PASS | excluded_column_absent__MMSE__WORLDSCORE
2026-10-03 10:49:16 | INFO | PASS | excluded_column_absent__MOCA__SOURCE
2026-10-03 10:49:16 | INFO | PASS | excluded_column_absent__NEUROBAT__ANART
2026-10-03 10:49:16 | INFO | PASS | excluded_column_absent__NEUROBAT__ANARTND
2026-10-03 10:49:16 | INFO | PASS | excluded_column_absent__NEUROBAT__AVDELBEGAN
2026-10-03 10:49:16 | INFO | PASS | excluded_column_absent__NEUROBAT__AVENDED
2026-10-03 10:49:16 | INFO | PASS | excluded_column_absent__NEUROBAT__BNTND
2026-10-03 10:49:16 | INFO | PASS | excluded_column_absent__NEUROBAT__LDELBEGIN
2026-10-03 10:49:16 | INFO | PASS | excluded_column_absent__NEUROBAT__LIMMEND
2026-10-03 10:49:16 | INFO | PASS | excluded_column_absent__NEUROBAT__LMSTORY
2026-10-03 10:49:16 | INFO | PASS | excluded_column_absent__NEUROBAT__SOURCE
2026-10-03 10:49:16 | INFO | PASS | excluded_column_absent__PTDEMOG__PTADBEG
2026-10-03 10:49:16 | INFO | PASS | excluded_column_absent__PTDEMOG__PTADDX
2026-10-03 10:49:16 | INFO | PASS | excluded_column_absent__PTDEMOG__PTASIAN
2026-10-03 10:49:16 | INFO | PASS | excluded_column_absent__PTDEMOG__PTBIRGR
2026-10-03 10:49:16 | INFO | PASS | excluded_column_absent__PTDEMOG__PTBIRPL
2026-10-03 10:49:16 | INFO | PASS | excluded_column_absent__PTDEMOG__PTBIRPR
2026-10-03 10:49:16 | INFO | PASS | excluded_column_absent__PTDEMOG__PTBORN
2026-10-03 10:49:16 | INFO | PASS | excluded_column_absent__PTDEMOG__PTCLANG
2026-10-03 10:49:16 | INFO | PASS | excluded_column_absent__PTDEMOG__PTCOGBEG
2026-10-03 10:49:16 | INFO | PASS | excluded_column_absent__PTDEMOG__PTDOB
2026-10-03 10:49:16 | INFO | PASS | excluded_column_absent__PTDEMOG__PTDOBYY
2026-10-03 10:49:16 | INFO | PASS | excluded_column_absent__PTDEMOG__PTENGSPK
2026-10-03 10:49:16 | INFO | PASS | excluded_column_absent__PTDEMOG__PTENGSPKAGE
2026-10-03 10:49:16 | INFO | PASS | excluded_column_absent__PTDEMOG__PTETHCATH
2026-10-03 10:49:16 | INFO | PASS | excluded_column_absent__PTDEMOG__PTIDENT
2026-10-03 10:49:16 | INFO | PASS | excluded_column_absent__PTDEMOG__PTIMMAGE
2026-10-03 10:49:16 | INFO | PASS | excluded_column_absent__PTDEMOG__PTIMMWHY
2026-10-03 10:49:16 | INFO | PASS | excluded_column_absent__PTDEMOG__PTLANGPR1
2026-10-03 10:49:16 | INFO | PASS | excluded_column_absent__PTDEMOG__PTLANGPR2
2026-10-03 10:49:16 | INFO | PASS | excluded_column_absent__PTDEMOG__PTLANGPR3
2026-10-03 10:49:16 | INFO | PASS | excluded_column_absent__PTDEMOG__PTLANGPR4
2026-10-03 10:49:16 | INFO | PASS | excluded_column_absent__PTDEMOG__PTLANGPR5
2026-10-03 10:49:16 | INFO | PASS | excluded_column_absent__PTDEMOG__PTLANGPR6
2026-10-03 10:49:16 | INFO | PASS | excluded_column_absent__PTDEMOG__PTLANGRD1
2026-10-03 10:49:16 | INFO | PASS | excluded_column_absent__PTDEMOG__PTLANGRD2
2026-10-03 10:49:16 | INFO | PASS | excluded_column_absent__PTDEMOG__PTLANGRD3
2026-10-03 10:49:16 | INFO | PASS | excluded_column_absent__PTDEMOG__PTLANGRD4
2026-10-03 10:49:16 | INFO | PASS | excluded_column_absent__PTDEMOG__PTLANGRD5
2026-10-03 10:49:16 | INFO | PASS | excluded_column_absent__PTDEMOG__PTLANGRD6
2026-10-03 10:49:16 | INFO | PASS | excluded_column_absent__PTDEMOG__PTLANGSP
2026-10-03 10:49:16 | INFO | PASS | excluded_column_absent__PTDEMOG__PTLANGSP1
2026-10-03 10:49:16 | INFO | PASS | excluded_column_absent__PTDEMOG__PTLANGSP2
2026-10-03 10:49:16 | INFO | PASS | excluded_column_absent__PTDEMOG__PTLANGSP3
2026-10-03 10:49:16 | INFO | PASS | excluded_column_absent__PTDEMOG__PTLANGSP4
2026-10-03 10:49:16 | INFO | PASS | excluded_column_absent__PTDEMOG__PTLANGSP5
2026-10-03 10:49:16 | INFO | PASS | excluded_column_absent__PTDEMOG__PTLANGSP6
2026-10-03 10:49:16 | INFO | PASS | excluded_column_absent__PTDEMOG__PTLANGTTL
2026-10-03 10:49:16 | INFO | PASS | excluded_column_absent__PTDEMOG__PTLANGUN1
2026-10-03 10:49:16 | INFO | PASS | excluded_column_absent__PTDEMOG__PTLANGUN2
2026-10-03 10:49:16 | INFO | PASS | excluded_column_absent__PTDEMOG__PTLANGUN3
2026-10-03 10:49:16 | INFO | PASS | excluded_column_absent__PTDEMOG__PTLANGUN4
2026-10-03 10:49:16 | INFO | PASS | excluded_column_absent__PTDEMOG__PTLANGUN5
2026-10-03 10:49:16 | INFO | PASS | excluded_column_absent__PTDEMOG__PTLANGUN6
2026-10-03 10:49:16 | INFO | PASS | excluded_column_absent__PTDEMOG__PTLANGWR
2026-10-03 10:49:16 | INFO | PASS | excluded_column_absent__PTDEMOG__PTLANGWR1
2026-10-03 10:49:16 | INFO | PASS | excluded_column_absent__PTDEMOG__PTLANGWR2
2026-10-03 10:49:16 | INFO | PASS | excluded_column_absent__PTDEMOG__PTLANGWR3
2026-10-03 10:49:16 | INFO | PASS | excluded_column_absent__PTDEMOG__PTLANGWR4
2026-10-03 10:49:16 | INFO | PASS | excluded_column_absent__PTDEMOG__PTLANGWR5
2026-10-03 10:49:16 | INFO | PASS | excluded_column_absent__PTDEMOG__PTLANGWR6
2026-10-03 10:49:16 | INFO | PASS | excluded_column_absent__PTDEMOG__PTNLANG
2026-10-03 10:49:16 | INFO | PASS | excluded_column_absent__PTDEMOG__PTOPI
2026-10-03 10:49:16 | INFO | PASS | excluded_column_absent__PTDEMOG__PTORIENT
2026-10-03 10:49:16 | INFO | PASS | excluded_column_absent__PTDEMOG__PTORIENTOT
2026-10-03 10:49:16 | INFO | PASS | excluded_column_absent__PTDEMOG__PTRTYR
2026-10-03 10:49:16 | INFO | PASS | excluded_column_absent__PTDEMOG__PTSOURCE
2026-10-03 10:49:16 | INFO | PASS | excluded_column_absent__PTDEMOG__PTSPOTTIM
2026-10-03 10:49:16 | INFO | PASS | excluded_column_absent__PTDEMOG__PTSPTIM
2026-10-03 10:49:16 | INFO | PASS | excluded_column_absent__PTDEMOG__PTTLANG
2026-10-03 10:49:16 | INFO | PASS | excluded_column_absent__PTDEMOG__PTWORK
2026-10-03 10:49:16 | INFO | PASS | excluded_column_absent__PTDEMOG__PTWORKHS
2026-10-03 10:49:16 | INFO | PASS | mmse_world_score_present
2026-10-03 10:49:16 | INFO | PASS | mmse_legacy_world_removed
2026-10-03 10:49:16 | INFO | PASS | ptdemog_raw_birth_not_predictor
2026-10-03 10:49:16 | INFO | PASS | ptdemog_only_frozen_core_features
2026-10-03 10:49:16 | INFO | PASS | age_metadata_birth_year_conflicts
2026-10-03 10:49:16 | INFO | PASS | directive_policy__required_columns
2026-10-03 10:49:16 | INFO | PASS | directive_policy__ADAS_Q9SCORE_Q12SCORE_categorical
2026-10-03 10:49:16 | INFO | PASS | directive_policy__CDR_six_boxes_categorical
2026-10-03 10:49:16 | INFO | PASS | directive_policy__CDR_CDGLOBAL_categorical
2026-10-03 10:49:16 | INFO | PASS | directive_policy__CDR_CDRSB_numeric
2026-10-03 10:49:16 | INFO | PASS | directive_policy__FAQ_items_official_map_then_categorical
2026-10-03 10:49:16 | INFO | PASS | directive_policy__FAQTOTAL_retained_numeric
2026-10-03 10:49:16 | INFO | PASS | directive_policy__MM_WORLD_SCORE_numeric
2026-10-03 10:49:16 | INFO | PASS | directive_policy__MMSCORE_retained_numeric
2026-10-03 10:49:16 | INFO | PASS | directive_policy__MOCA_DELW1_DELW5_categorical
2026-10-03 10:49:16 | INFO | PASS | directive_policy__MOCA_total_retained_numeric
2026-10-03 10:49:16 | INFO | PASS | directive_policy__NEUROBAT_summary_scores_retained_numeric
2026-10-03 10:49:16 | INFO | PASS | directive_policy__PTDEMOG_common_core_types
2026-10-03 10:49:16 | INFO | PASS | directive_policy__AGE_AT_TARGET_derive_later_numeric
2026-10-03 10:49:16 | INFO | PASS | directive_policy__APOERES_GENOTYPE_categorical
2026-10-03 10:49:16 | INFO | PASS | directive_policy__all_removed_columns_marked_excluded
2026-10-03 10:49:16 | INFO | PASS | directive_policy__retained_current_features_exist
2026-10-03 10:49:19 | INFO | PASS | upstream_hash_unchanged__participant_split
2026-10-03 10:49:19 | INFO | PASS | upstream_hash_unchanged__anchor
2026-10-03 10:49:19 | INFO | PASS | upstream_hash_unchanged__targets
2026-10-03 10:49:19 | INFO | PASS | upstream_hash_unchanged__target_catalog
2026-10-03 10:49:19 | INFO | PASS | upstream_hash_unchanged__temporal_policy_lock
2026-10-03 10:49:19 | INFO | PASS | upstream_hash_unchanged__input_ADAS
2026-10-03 10:49:19 | INFO | PASS | upstream_hash_unchanged__input_CDR
2026-10-03 10:49:19 | INFO | PASS | upstream_hash_unchanged__input_FAQ
2026-10-03 10:49:19 | INFO | PASS | upstream_hash_unchanged__input_MMSE
2026-10-03 10:49:19 | INFO | PASS | upstream_hash_unchanged__input_MOCA
2026-10-03 10:49:19 | INFO | PASS | upstream_hash_unchanged__input_NEUROBAT
2026-10-03 10:49:19 | INFO | PASS | upstream_hash_unchanged__input_PTDEMOG
2026-10-03 10:49:19 | INFO | PASS | upstream_hash_unchanged__input_APOERES
2026-10-03 10:49:19 | INFO | A06 PASSED | output=C:\Users\Dudu\Github-ADNI-Splits\ADNI-Split-and-Benchmark-Protocols\data\processed\crosschecked_inputs_v1 | package=frozen_experiment_v1_1 | temporal_policy=90fefe5ec34d49743612 | split_unchanged=true | targets_unchanged=true
2026-10-03 10:49:19 | INFO | SAFE report: C:\Users\Dudu\Github-ADNI-Splits\ADNI-Split-and-Benchmark-Protocols\reports\auditA06_freeze_crosschecked_inputs\safe\a06_verification_report.json
2026-10-03 10:49:19 | WARNING | LOCAL_ONLY audit artifacts contain individualized records and MUST NOT be shared.
